<?xml version="1.0" encoding="UTF-8"?>
<orderHistory createdAt='date'>
<order date='2018-09-01T00:00Z' totalDollars='149.99'>
<product id='EVENT02'>
Makeover</product>
</order>
</orderHistory>

